{
  "apiVersion": "v1",
  "items": [
    {
      "apiVersion": "v1",
      "kind": "Namespace",
      "metadata": {
        "creationTimestamp": "2024-01-01T00:00:00Z",
        "labels": {
          "kubernetes.io/metadata.name": "default"
        },
        "name": "default",
        "resourceVersion": "147",
        "uid": "abc-123-def"
      },
      "spec": {
        "finalizers": [
          "kubernetes"
        ]
      },
      "status": {
        "phase": "Active"
      }
    },
    {
      "apiVersion": "v1",
      "kind": "Namespace",
      "metadata": {
        "creationTimestamp": "2024-01-01T00:00:00Z",
        "labels": {
          "kubernetes.io/metadata.name": "kube-system"
        },
        "name": "kube-system",
        "resourceVersion": "1",
        "uid": "ghi-456-jkl"
      },
      "spec": {
        "finalizers": [
          "kubernetes"
        ]
      },
      "status": {
        "phase": "Active"
      }
    },
    {
      "apiVersion": "v1",
      "kind": "Namespace",
      "metadata": {
        "creationTimestamp": "2024-01-05T10:00:00Z",
        "labels": {
          "kubernetes.io/metadata.name": "production"
        },
        "name": "production",
        "resourceVersion": "5000",
        "uid": "mno-789-pqr"
      },
      "spec": {
        "finalizers": [
          "kubernetes"
        ]
      },
      "status": {
        "phase": "Active"
      }
    }
  ],
  "kind": "NamespaceList",
  "metadata": {
    "resourceVersion": "10000"
  }
}